--- Scrape Log: 2026-03-02 02:13:06 ---

[Sky Crime (ID: Sky.Crime.it)]
  -> Today (2026-03-02): SUCCESS - Saved 25 programs.
  -> Tomorrow (2026-03-03): SUCCESS - Saved 26 programs.

[Sky Investigation (ID: Sky.Investigation.it)]
  -> Today (2026-03-02): SUCCESS - Saved 31 programs.
  -> Tomorrow (2026-03-03): SUCCESS - Saved 29 programs.

[Top Crime (ID: Top.Crime.it)]
  -> Today (2026-03-02): SUCCESS - Saved 27 programs.
  -> Tomorrow (2026-03-03): SUCCESS - Saved 29 programs.

[cielo (ID: cielo.it)]
  -> Today (2026-03-02): SUCCESS - Saved 22 programs.
  -> Tomorrow (2026-03-03): SUCCESS - Saved 22 programs.

[Virgin Radio (ID: Virgin.Radio.it)]
  -> Today (2026-03-02): SUCCESS - Saved 116 programs.
  -> Tomorrow (2026-03-03): SUCCESS - Saved 114 programs.

[VALUE 24 TV (ID: VALUE.24.TV.it)]
  -> Today (2026-03-02): SUCCESS - Saved 62 programs.
  -> Tomorrow (2026-03-03): SUCCESS - Saved 73 programs.

[TV8 HD (ID: TV8.HD.it)]
  -> Today (2026-03-02): SUCCESS - Saved 24 programs.
  -> Tomorrow (2026-03-03): SUCCESS - Saved 26 programs.

[TRM h24 (ID: TRM.h24.it)]
  -> Today (2026-03-02): SUCCESS - Saved 61 programs.
  -> Tomorrow (2026-03-03): SUCCESS - Saved 59 programs.

[TOPcrime HD  168 (ID: TOPcrime.HD..168.it)]
  -> Today (2026-03-02): SUCCESS - Saved 26 programs.
  -> Tomorrow (2026-03-03): SUCCESS - Saved 29 programs.

[TGCom (ID: TGCom.it)]
  -> Today (2026-03-02): SUCCESS - Saved 48 programs.
  -> Tomorrow (2026-03-03): SUCCESS - Saved 46 programs.

[Milan TV (ID: Milan.TV.it)]
  -> Today (2026-03-02): SUCCESS - Saved 12 programs.
  -> Tomorrow (2026-03-03): FAILED - No programs scheduled for this specific date.

[Sky Sport Legend (ID: Sky.Sport.Legend.it)]
  -> Today (2026-03-02): SUCCESS - Saved 20 programs.
  -> Tomorrow (2026-03-03): SUCCESS - Saved 16 programs.

[Sky Nature (ID: Sky.Nature.it)]
  -> Today (2026-03-02): SUCCESS - Saved 30 programs.
  -> Tomorrow (2026-03-03): SUCCESS - Saved 25 programs.

[ACI Sport Tv (ID: ACI.Sport.Tv.it)]
  -> Today (2026-03-02): SUCCESS - Saved 23 programs.
  -> Tomorrow (2026-03-03): SUCCESS - Saved 24 programs.

[Sky Sport Max (ID: Sky.Sport.Max.it)]
  -> Today (2026-03-02): SUCCESS - Saved 21 programs.
  -> Tomorrow (2026-03-03): SUCCESS - Saved 23 programs.

[Sky Sport Mix (ID: Sky.Sport.Mix.it)]
  -> Today (2026-03-02): SUCCESS - Saved 21 programs.
  -> Tomorrow (2026-03-03): SUCCESS - Saved 26 programs.

[27 Twentyseven (ID: 27.Twentyseven.it)]
  -> Today (2026-03-02): SUCCESS - Saved 25 programs.
  -> Tomorrow (2026-03-03): SUCCESS - Saved 25 programs.

[Sky Sport NBA (ID: Sky.Sport.NBA.it)]
  -> Today (2026-03-02): SUCCESS - Saved 19 programs.
  -> Tomorrow (2026-03-03): SUCCESS - Saved 18 programs.

[20 (ID: 20.it)]
  -> Today (2026-03-02): SUCCESS - Saved 30 programs.
  -> Tomorrow (2026-03-03): SUCCESS - Saved 29 programs.

[Solocalcio (ID: Solocalcio.it.it)]
  -> Today (2026-03-02): SUCCESS - Saved 6 programs.
  -> Tomorrow (2026-03-03): SUCCESS - Saved 17 programs.

